Corrigan_Mommi_MimiLouise.jpg
Corrigan_Mommi_MimiL_Mickey.jpg
Court_Cause_6384_Doc_1_of_3.pdf
Court_Cause_6384_Doc_2_of_3.pdf
Court_Cause_6384_Doc_3_of_3.pdf
dir.out
EWS_012637.pdf
EWS_013034.pdf
EWS_020235.pdf
EWS_021235.pdf
EWS_062737.pdf
EWS_110930.pdf
EWS_111834.pdf
EWS_120334.pdf
EWS_122533.pdf
EWS_Fred_Marriage_License.pdf
EWS_Reinhardt_Loans.pdf
notes.txt
Reinhardt_Splettstoesser_Agreement_137acres.pdf
Reinhardt_Splettstoesser_Settlement_Unsigned.pdf
Reinhardt_Vs_Splettstoesser_DividedLandTracts.pdf
Splettstoesser_Estate_Children_030635.pdf
Splettstoesser_Family.jpg
WD_012838_Reinhardt_Vs_Splettstoesser.pdf
WD_032487_Mimi_To_Children.pdf
WD_051939_EWS_To_CharlesReinhardt.pdf
WD_071938_WBTSRailRoad_To_EWS.pdf
WD_121383_Mommi_To_Louise_44acres.pdf
